fuse library not installed
Preloader - Status: Waiting for PreLoader VCOM, please reconnect mobile/iot device to brom mode

Port - Hint:

Power off the phone before connecting.
For brom mode, press and hold vol up, vol dwn, or all hw buttons and connect usb.
For preloader mode, don't press any hw button and connect usb.
If it is already connected and on, hold power for 10 seconds to reset.


...........

Port - Hint:

Power off the phone before connecting.
For brom mode, press and hold vol up, vol dwn, or all hw buttons and connect usb.
For preloader mode, don't press any hw button and connect usb.
If it is already connected and on, hold power for 10 seconds to reset.


...........

Port - Hint:

Power off the phone before connecting.
For brom mode, press and hold vol up, vol dwn, or all hw buttons and connect usb.
For preloader mode, don't press any hw button and connect usb.
If it is already connected and on, hold power for 10 seconds to reset.


...........

Port - Hint:

Power off the phone before connecting.
For brom mode, press and hold vol up, vol dwn, or all hw buttons and connect usb.
For preloader mode, don't press any hw button and connect usb.
If it is already connected and on, hold power for 10 seconds to reset.


...........

Port - Hint:

Power off the phone before connecting.
For brom mode, press and hold vol up, vol dwn, or all hw buttons and connect usb.
For preloader mode, don't press any hw button and connect usb.
If it is already connected and on, hold power for 10 seconds to reset.


..........Preloader
Preloader - [LIB]: [31mStatus: Handshake failed, retrying...[0m

Port - Hint:

Power off the phone before connecting.
For brom mode, press and hold vol up, vol dwn, or all hw buttons and connect usb.
For preloader mode, don't press any hw button and connect usb.
If it is already connected and on, hold power for 10 seconds to reset.


...........

Port - Hint:

Power off the phone before connecting.
For brom mode, press and hold vol up, vol dwn, or all hw buttons and connect usb.
For preloader mode, don't press any hw button and connect usb.
If it is already connected and on, hold power for 10 seconds to reset.


...........

Port - Hint:

Power off the phone before connecting.
For brom mode, press and hold vol up, vol dwn, or all hw buttons and connect usb.
For preloader mode, don't press any hw button and connect usb.
If it is already connected and on, hold power for 10 seconds to reset.


...........

Port - Hint:

Power off the phone before connecting.
For brom mode, press and hold vol up, vol dwn, or all hw buttons and connect usb.
For preloader mode, don't press any hw button and connect usb.
If it is already connected and on, hold power for 10 seconds to reset.


...........

Port - Hint:

Power off the phone before connecting.
For brom mode, press and hold vol up, vol dwn, or all hw buttons and connect usb.
For preloader mode, don't press any hw button and connect usb.
If it is already connected and on, hold power for 10 seconds to reset.


..........Preloader
Preloader - [LIB]: [31mStatus: Handshake failed, retrying...[0m

Port - Hint:

Power off the phone before connecting.
For brom mode, press and hold vol up, vol dwn, or all hw buttons and connect usb.
For preloader mode, don't press any hw button and connect usb.
If it is already connected and on, hold power for 10 seconds to reset.


...........

Port - Hint:

Power off the phone before connecting.
For brom mode, press and hold vol up, vol dwn, or all hw buttons and connect usb.
For preloader mode, don't press any hw button and connect usb.
If it is already connected and on, hold power for 10 seconds to reset.


...........

Port - Hint:

Power off the phone before connecting.
For brom mode, press and hold vol up, vol dwn, or all hw buttons and connect usb.
For preloader mode, don't press any hw button and connect usb.
If it is already connected and on, hold power for 10 seconds to reset.


...........

Port - Hint:

Power off the phone before connecting.
For brom mode, press and hold vol up, vol dwn, or all hw buttons and connect usb.
For preloader mode, don't press any hw button and connect usb.
If it is already connected and on, hold power for 10 seconds to reset.


...........

Port - Hint:

Power off the phone before connecting.
For brom mode, press and hold vol up, vol dwn, or all hw buttons and connect usb.
For preloader mode, don't press any hw button and connect usb.
If it is already connected and on, hold power for 10 seconds to reset.


..........Preloader
Preloader - [LIB]: [31mStatus: Handshake failed, retrying...[0m

Port - Hint:

Power off the phone before connecting.
For brom mode, press and hold vol up, vol dwn, or all hw buttons and connect usb.
For preloader mode, don't press any hw button and connect usb.
If it is already connected and on, hold power for 10 seconds to reset.


...........

Port - Hint:

Power off the phone before connecting.
For brom mode, press and hold vol up, vol dwn, or all hw buttons and connect usb.
For preloader mode, don't press any hw button and connect usb.
If it is already connected and on, hold power for 10 seconds to reset.


...........
Port - Handshake failed after retries
Preloader
Preloader - [LIB]: [31mStatus: Handshake failed, retrying...[0m
Port - Handshake failed after retries
Preloader
Preloader - [LIB]: [31mStatus: Handshake failed, retrying...[0m

Port - Hint:

Power off the phone before connecting.
For brom mode, press and hold vol up, vol dwn, or all hw buttons and connect usb.
For preloader mode, don't press any hw button and connect usb.
If it is already connected and on, hold power for 10 seconds to reset.


...........

Port - Hint:

Power off the phone before connecting.
For brom mode, press and hold vol up, vol dwn, or all hw buttons and connect usb.
For preloader mode, don't press any hw button and connect usb.
If it is already connected and on, hold power for 10 seconds to reset.


...........

Port - Hint:

Power off the phone before connecting.
For brom mode, press and hold vol up, vol dwn, or all hw buttons and connect usb.
For preloader mode, don't press any hw button and connect usb.
If it is already connected and on, hold power for 10 seconds to reset.


...........

Port - Hint:

Power off the phone before connecting.
For brom mode, press and hold vol up, vol dwn, or all hw buttons and connect usb.
For preloader mode, don't press any hw button and connect usb.
If it is already connected and on, hold power for 10 seconds to reset.


...........

Port - Hint:

Power off the phone before connecting.
For brom mode, press and hold vol up, vol dwn, or all hw buttons and connect usb.
For preloader mode, don't press any hw button and connect usb.
If it is already connected and on, hold power for 10 seconds to reset.


..........Preloader
Preloader - [LIB]: [31mStatus: Handshake failed, retrying...[0m

Port - Hint:

Power off the phone before connecting.
For brom mode, press and hold vol up, vol dwn, or all hw buttons and connect usb.
For preloader mode, don't press any hw button and connect usb.
If it is already connected and on, hold power for 10 seconds to reset.


...........

Port - Hint:

Power off the phone before connecting.
For brom mode, press and hold vol up, vol dwn, or all hw buttons and connect usb.
For preloader mode, don't press any hw button and connect usb.
If it is already connected and on, hold power for 10 seconds to reset.


...........

Port - Hint:

Power off the phone before connecting.
For brom mode, press and hold vol up, vol dwn, or all hw buttons and connect usb.
For preloader mode, don't press any hw button and connect usb.
If it is already connected and on, hold power for 10 seconds to reset.


Port - Handshake failed after retries
Preloader
Preloader - [LIB]: [31mStatus: Handshake failed, retrying...[0m
Port - Handshake failed after retries
Preloader
Preloader - [LIB]: [31mStatus: Handshake failed, retrying...[0m
Port - Handshake failed after retries
Preloader
Preloader - [LIB]: [31mStatus: Handshake failed, retrying...[0m
Port - Handshake failed after retries
Preloader
Preloader - [LIB]: [31mStatus: Handshake failed, retrying...[0m
Port - Handshake failed after retries
Preloader
Preloader - [LIB]: [31mStatus: Handshake failed, retrying...[0m
Preloader
Preloader - [LIB]: [31mStatus: Handshake failed, retrying...[0m

Port - Hint:

Power off the phone before connecting.
For brom mode, press and hold vol up, vol dwn, or all hw buttons and connect usb.
For preloader mode, don't press any hw button and connect usb.
If it is already connected and on, hold power for 10 seconds to reset.


...........

Port - Hint:

Power off the phone before connecting.
For brom mode, press and hold vol up, vol dwn, or all hw buttons and connect usb.
For preloader mode, don't press any hw button and connect usb.
If it is already connected and on, hold power for 10 seconds to reset.


...........

Port - Hint:

Power off the phone before connecting.
For brom mode, press and hold vol up, vol dwn, or all hw buttons and connect usb.
For preloader mode, don't press any hw button and connect usb.
If it is already connected and on, hold power for 10 seconds to reset.


...........

Port - Hint:

Power off the phone before connecting.
For brom mode, press and hold vol up, vol dwn, or all hw buttons and connect usb.
For preloader mode, don't press any hw button and connect usb.
If it is already connected and on, hold power for 10 seconds to reset.


...........

Port - Hint:

Power off the phone before connecting.
For brom mode, press and hold vol up, vol dwn, or all hw buttons and connect usb.
For preloader mode, don't press any hw button and connect usb.
If it is already connected and on, hold power for 10 seconds to reset.


..........Preloader
Preloader - [LIB]: [31mStatus: Handshake failed, retrying...[0m

Port - Hint:

Power off the phone before connecting.
For brom mode, press and hold vol up, vol dwn, or all hw buttons and connect usb.
For preloader mode, don't press any hw button and connect usb.
If it is already connected and on, hold power for 10 seconds to reset.


...........

Port - Hint:

Power off the phone before connecting.
For brom mode, press and hold vol up, vol dwn, or all hw buttons and connect usb.
For preloader mode, don't press any hw button and connect usb.
If it is already connected and on, hold power for 10 seconds to reset.


...........

Port - Hint:

Power off the phone before connecting.
For brom mode, press and hold vol up, vol dwn, or all hw buttons and connect usb.
For preloader mode, don't press any hw button and connect usb.
If it is already connected and on, hold power for 10 seconds to reset.


...........

Port - Hint:

Power off the phone before connecting.
For brom mode, press and hold vol up, vol dwn, or all hw buttons and connect usb.
For preloader mode, don't press any hw button and connect usb.
If it is already connected and on, hold power for 10 seconds to reset.


...........

Port - Hint:

Power off the phone before connecting.
For brom mode, press and hold vol up, vol dwn, or all hw buttons and connect usb.
For preloader mode, don't press any hw button and connect usb.
If it is already connected and on, hold power for 10 seconds to reset.


..........Preloader
Preloader - [LIB]: [31mStatus: Handshake failed, retrying...[0m

Port - Hint:

Power off the phone before connecting.
For brom mode, press and hold vol up, vol dwn, or all hw buttons and connect usb.
For preloader mode, don't press any hw button and connect usb.
If it is already connected and on, hold power for 10 seconds to reset.


...........

Port - Hint:

Power off the phone before connecting.
For brom mode, press and hold vol up, vol dwn, or all hw buttons and connect usb.
For preloader mode, don't press any hw button and connect usb.
If it is already connected and on, hold power for 10 seconds to reset.


...........

Port - Hint:

Power off the phone before connecting.
For brom mode, press and hold vol up, vol dwn, or all hw buttons and connect usb.
For preloader mode, don't press any hw button and connect usb.
If it is already connected and on, hold power for 10 seconds to reset.


...........

Port - Hint:

Power off the phone before connecting.
For brom mode, press and hold vol up, vol dwn, or all hw buttons and connect usb.
For preloader mode, don't press any hw button and connect usb.
If it is already connected and on, hold power for 10 seconds to reset.


...........

Port - Hint:

Power off the phone before connecting.
For brom mode, press and hold vol up, vol dwn, or all hw buttons and connect usb.
For preloader mode, don't press any hw button and connect usb.
If it is already connected and on, hold power for 10 seconds to reset.


..........Preloader
Preloader - [LIB]: [31mStatus: Handshake failed, retrying...[0m

Port - Hint:

Power off the phone before connecting.
For brom mode, press and hold vol up, vol dwn, or all hw buttons and connect usb.
For preloader mode, don't press any hw button and connect usb.
If it is already connected and on, hold power for 10 seconds to reset.


...........

Port - Hint:

Power off the phone before connecting.
For brom mode, press and hold vol up, vol dwn, or all hw buttons and connect usb.
For preloader mode, don't press any hw button and connect usb.
If it is already connected and on, hold power for 10 seconds to reset.


...........

Port - Hint:

Power off the phone before connecting.
For brom mode, press and hold vol up, vol dwn, or all hw buttons and connect usb.
For preloader mode, don't press any hw button and connect usb.
If it is already connected and on, hold power for 10 seconds to reset.


...........

Port - Hint:

Power off the phone before connecting.
For brom mode, press and hold vol up, vol dwn, or all hw buttons and connect usb.
For preloader mode, don't press any hw button and connect usb.
If it is already connected and on, hold power for 10 seconds to reset.


...........

Port - Hint:

Power off the phone before connecting.
For brom mode, press and hold vol up, vol dwn, or all hw buttons and connect usb.
For preloader mode, don't press any hw button and connect usb.
If it is already connected and on, hold power for 10 seconds to reset.


..........Preloader
Preloader - [LIB]: [31mStatus: Handshake failed, retrying...[0m

Port - Hint:

Power off the phone before connecting.
For brom mode, press and hold vol up, vol dwn, or all hw buttons and connect usb.
For preloader mode, don't press any hw button and connect usb.
If it is already connected and on, hold power for 10 seconds to reset.


...........

Port - Hint:

Power off the phone before connecting.
For brom mode, press and hold vol up, vol dwn, or all hw buttons and connect usb.
For preloader mode, don't press any hw button and connect usb.
If it is already connected and on, hold power for 10 seconds to reset.


...........

Port - Hint:

Power off the phone before connecting.
For brom mode, press and hold vol up, vol dwn, or all hw buttons and connect usb.
For preloader mode, don't press any hw button and connect usb.
If it is already connected and on, hold power for 10 seconds to reset.


...........

Port - Hint:

Power off the phone before connecting.
For brom mode, press and hold vol up, vol dwn, or all hw buttons and connect usb.
For preloader mode, don't press any hw button and connect usb.
If it is already connected and on, hold power for 10 seconds to reset.


...........

Port - Hint:

Power off the phone before connecting.
For brom mode, press and hold vol up, vol dwn, or all hw buttons and connect usb.
For preloader mode, don't press any hw button and connect usb.
If it is already connected and on, hold power for 10 seconds to reset.


